// Jest Snapshot v1, https://goo.gl/fbAQLP

exports[`FilterResult component should match with snapshot 1`] = `
Object {
  "asFragment": [Function],
  "baseElement": <body>
    <div>
      <section
        class="search"
      >
        <div
          class="search__container"
        >
          <div
            class="search__city "
          >
            <h2
              class="search__title"
            >
              name
            </h2>
            <img
              alt="City view"
              class="image"
            />
          </div>
          <form
            action="#"
            class="search__form"
          >
            <input
              class="input search__input"
              type="text"
              value=""
            />
            <button
              class="button search__button"
            >
              <img
                alt="search icon"
                class="search__icon"
                src="search.svg"
              />
            </button>
          </form>
        </div>
      </section>
    </div>
  </body>,
  "container": <div>
    <section
      class="search"
    >
      <div
        class="search__container"
      >
        <div
          class="search__city "
        >
          <h2
            class="search__title"
          >
            name
          </h2>
          <img
            alt="City view"
            class="image"
          />
        </div>
        <form
          action="#"
          class="search__form"
        >
          <input
            class="input search__input"
            type="text"
            value=""
          />
          <button
            class="button search__button"
          >
            <img
              alt="search icon"
              class="search__icon"
              src="search.svg"
            />
          </button>
        </form>
      </div>
    </section>
  </div>,
  "debug": [Function],
  "findAllByAltText": [Function],
  "findAllByDisplayValue": [Function],
  "findAllByLabelText": [Function],
  "findAllByPlaceholderText": [Function],
  "findAllByRole": [Function],
  "findAllByTestId": [Function],
  "findAllByText": [Function],
  "findAllByTitle": [Function],
  "findByAltText": [Function],
  "findByDisplayValue": [Function],
  "findByLabelText": [Function],
  "findByPlaceholderText": [Function],
  "findByRole": [Function],
  "findByTestId": [Function],
  "findByText": [Function],
  "findByTitle": [Function],
  "getAllByAltText": [Function],
  "getAllByDisplayValue": [Function],
  "getAllByLabelText": [Function],
  "getAllByPlaceholderText": [Function],
  "getAllByRole": [Function],
  "getAllByTestId": [Function],
  "getAllByText": [Function],
  "getAllByTitle": [Function],
  "getByAltText": [Function],
  "getByDisplayValue": [Function],
  "getByLabelText": [Function],
  "getByPlaceholderText": [Function],
  "getByRole": [Function],
  "getByTestId": [Function],
  "getByText": [Function],
  "getByTitle": [Function],
  "queryAllByAltText": [Function],
  "queryAllByDisplayValue": [Function],
  "queryAllByLabelText": [Function],
  "queryAllByPlaceholderText": [Function],
  "queryAllByRole": [Function],
  "queryAllByTestId": [Function],
  "queryAllByText": [Function],
  "queryAllByTitle": [Function],
  "queryByAltText": [Function],
  "queryByDisplayValue": [Function],
  "queryByLabelText": [Function],
  "queryByPlaceholderText": [Function],
  "queryByRole": [Function],
  "queryByTestId": [Function],
  "queryByText": [Function],
  "queryByTitle": [Function],
  "rerender": [Function],
  "unmount": [Function],
}
`;
